../Drivers/CMSIS/Include/core_cm0.h:623:22:__NVIC_EnableIRQ	16	static
../Drivers/CMSIS/Include/core_cm0.h:730:22:__NVIC_SetPriority	24	static
../Core/Src/Init_perif.c:9:6:init_rcc	8	static,ignoring_inline_asm
../Core/Src/Init_perif.c:28:6:init_wdt	8	static
../Core/Src/Init_perif.c:39:6:iwdt_reset	8	static
../Core/Src/Init_perif.c:43:6:CMSIS_SysTick_Timer_init	8	static
../Core/Src/Init_perif.c:55:6:SysTick_Handler	8	static
../Core/Src/Init_perif.c:92:6:Delay_ms	16	static
../Core/Src/Init_perif.c:97:6:init_tim3	8	static
../Core/Src/Init_perif.c:111:6:init_tim17	16	static
../Core/Src/Init_perif.c:123:6:init_tim16	16	static
../Core/Src/Init_perif.c:135:6:init_pins	8	static
../Core/Src/Init_perif.c:148:6:init_debug_pin	8	static
