../Core/Src/Step_dir_gen.c:16:6:new_data_flag	16	static
../Core/Src/Step_dir_gen.c:29:6:stop_motor	8	static
../Core/Src/Step_dir_gen.c:34:10:poz_motor	16	static
../Core/Src/Step_dir_gen.c:44:20:search_zero	8	static
../Core/Src/Step_dir_gen.c:86:20:revers_zero	8	static
../Core/Src/Step_dir_gen.c:122:20:new_step_go1	8	static
../Core/Src/Step_dir_gen.c:148:20:new_step_go2	8	static
../Core/Src/Step_dir_gen.c:174:6:TIM17_IRQHandler	8	static
../Core/Src/Step_dir_gen.c:185:6:TIM16_IRQHandler	8	static
../Core/Src/Step_dir_gen.c:190:10:stepper	16	static
../Core/Src/Step_dir_gen.c:207:10:extrn_step	16	static
../Core/Src/Step_dir_gen.c:227:10:max_step	24	static
../Core/Src/Step_dir_gen.c:242:6:init_struct	8	static
../Core/Src/Step_dir_gen.c:255:6:zero_position	8	static
../Core/Src/Step_dir_gen.c:268:6:search_steps	8	static
